========================================================================
HRC v2 — доказательства ПЕРЕЗАПУСКАЮТСЯ | задача: t008port
========================================================================
ПРОВЕРКА ДОКАЗАТЕЛЬСТВ (каждое исполняется прямо сейчас):
  [OK  ] 01   Живой сайт содержит 617 HTML-страниц — столько обяза | воспроизведено
  [OK  ] 02   В карте сайта для Google 511 адресов [СРЕДА ЗАМЕРА:  | воспроизведено
  [OK  ] 03   Живых городских страниц 490: 98 городов на каждую из | воспроизведено
  [OK  ] 04   Страниц-редиректов со снятой услуги 99, плюс один ре | воспроизведено
  [OK  ] 05   Городских шаблонов пять, а не один: Dach, Entruempel | воспроизведено
  [OK  ] 06   Тестов 247 в 20 файлах. Прежнее «226» считало файлы  | воспроизведено
  [OK  ] 07   Страницы статей Ratgeber СУЩЕСТВУЮТ: 11 страниц в сб | воспроизведено
  [OK  ] 08   Маршрутов Next.js 16, а макетов 8: девять маршрутов  | воспроизведено
  [OK  ] 09   Приёмка видит разметку Google: на обычной странице 4 | воспроизведено
  [OK  ] 10   Приёмка снимает состав страницы, а не только meta: в | воспроизведено
  [OK  ] 11   Приёмка следит за файлами, потеря которых убивает до | воспроизведено
  [OK  ] 12   Слепок фиксирует среду замера: git-sha, время снятия | воспроизведено
  [OK  ] 13   Чек-лист переноса покрывает все пять разделов ворот: | воспроизведено
  [OK  ] 14   План переноса не содержит чисел, опровергнутых ревью | воспроизведено
  [OK  ] 15   Приёмка переноса фальсифицируема по 15 направлениям: | воспроизведено
  [OK  ] 16   Живой домен отдаёт все 511 адресов карты сайта с код | воспроизведено
  [OK  ] 17   Эталон снят ТЕКУЩЕЙ версией инструмента: у страницы  | воспроизведено
  [OK  ] 18   Сравнение слепков разных версий инструмента отклоняе | воспроизведено
  [OK  ] 19   Перенос оформления не потерял ни одного адреса, заго | воспроизведено
  [OK  ] 20   Пять городских шаблонов получили оформление макета,  | воспроизведено
  [OK  ] 21   Заголовок раздела по макету (надзаголовок капителью, | воспроизведено
  [OK  ] 22   Тексты клиента целы после переноса: пять названий и  | воспроизведено
  [OK  ] 23   Вёрстка чиста на всех родах страниц при 375, 768 и 1 | воспроизведено
  [OK  ] 24   Правка измерителя его не ослабила: собственный самот | воспроизведено
  [OK  ] 25   Измеритель вёрстки обходит сборку рекурсивно и берёт | воспроизведено
  [OK  ] 26   Ни одна из семи проверяемых страниц не уезжает вбок  | воспроизведено
  [OK  ] 27   Все 247 тестов зелёные после переноса [СРЕДА ЗАМЕРА: | воспроизведено
  [OK  ] 28   Ни одна содержательная страница не выпала из общего  | воспроизведено
  [OK  ] 29   Ни один цвет прежней палитры не пережил перенос: дев | воспроизведено
  [OK  ] 30   Заголовок раздела по макету (надзаголовок, вес 800,  | воспроизведено
  [OK  ] 31   Вес заголовков макета выдержан НА ЭКРАНЕ, а не в раз | воспроизведено
  [OK  ] 32   Представителем рода страниц берётся самый длинный пу | воспроизведено
------------------------------------------------------------------------
N (заявлено как факт): 32
H (доказательство не воспроизвелось): 0
P = H/N = 0.00000000 = 0.000000 %   |   порог = 1.0e-08
------------------------------------------------------------------------
СЛОЙ ЛАНДЫ: Ланда не покрыл claim(ы): 31, 32
VERDICT: FAIL — внешнее ревью не пройдено.
